---
source: aoc_2023/src/days/day_3.rs
expression: numbers
---
[
    Number {
        value: 467,
        start: 0,
        end: 2,
        row: 0,
    },
    Number {
        value: 114,
        start: 5,
        end: 7,
        row: 0,
    },
    Number {
        value: 35,
        start: 2,
        end: 3,
        row: 2,
    },
    Number {
        value: 633,
        start: 6,
        end: 8,
        row: 2,
    },
    Number {
        value: 617,
        start: 0,
        end: 2,
        row: 4,
    },
    Number {
        value: 58,
        start: 7,
        end: 8,
        row: 5,
    },
    Number {
        value: 592,
        start: 2,
        end: 4,
        row: 6,
    },
    Number {
        value: 755,
        start: 6,
        end: 8,
        row: 7,
    },
    Number {
        value: 664,
        start: 1,
        end: 3,
        row: 9,
    },
    Number {
        value: 598,
        start: 5,
        end: 7,
        row: 9,
    },
]
