---
source: aoc_2023/src/days/day_3.rs
expression: symbols
---
[
    Symbol {
        item: "*",
        column: 3,
        row: 1,
    },
    Symbol {
        item: "#",
        column: 6,
        row: 3,
    },
    Symbol {
        item: "*",
        column: 3,
        row: 4,
    },
    Symbol {
        item: "+",
        column: 5,
        row: 5,
    },
    Symbol {
        item: "$",
        column: 3,
        row: 8,
    },
    Symbol {
        item: "*",
        column: 5,
        row: 8,
    },
]
